// Jest Snapshot v1, https://goo.gl/fbAQLP

exports[`Display Contact 1`] = `
<a
  className="btn btn-secondary"
  href="tel:+49 176 45744166"
  rel="noopener noreferrer"
  style={
    Object {
      "margin": "10px",
    }
  }
  target="_blank"
>
  +49 176 45744166
</a>
`;
