// Jest Snapshot v1, https://goo.gl/fbAQLP

exports[`Display FullImage 1`] = `
<div
  style={
    Object {
      "backgroundAttachment": "fixed",
      "backgroundImage": "url(paper.png)",
      "backgroundPosition": "center",
      "backgroundRepeat": "no-repeat",
      "backgroundSize": "cover",
      "height": "550px",
      "minHeight": "400px",
      "opacity": "0.65",
      "position": "relative",
    }
  }
/>
`;
