// Jest Snapshot v1, https://goo.gl/fbAQLP

exports[`Display Impressum 1`] = `
<div
  className="row py-3"
  style={
    Object {
      "backgroundImage": "url(paper.png)",
      "color": "white",
    }
  }
>
  <div
    className="col-xs-12 col-md-4 col-lg-4"
  >
    <div>
      Inhaber:
    </div>
    <div>
      Tristan Teufel
    </div>
    <div>
      Werkstr.10a
    </div>
    <div>
      D-77815 Bühl
    </div>
  </div>
  <div
    className="col-xs-12 col-md-4 col-lg-4"
  >
    <span>
      Build with 
      <a
        href="https://facebook.github.io/react/"
        rel="noopener noreferrer"
        style={
          Object {
            "color": "#61DAFB",
            "textDecoration": "none",
          }
        }
        target="_blank"
      >
        <b>
          React
        </b>
      </a>
    </span>
    <img
      alt="logo"
      className="App-logo"
      src="logo.svg"
    />
    <div>
      <div>
        Quellen für Bilder und Icons:
      </div>
      <a
        href="http://unsplash.com"
        rel="noopener noreferrer"
        style={
          Object {
            "color": "#61DAFB",
            "textDecoration": "none",
          }
        }
        target="_blank"
      >
        unsplash.com 
      </a>
      <a
        href="http://shutterstock.com"
        rel="noopener noreferrer"
        style={
          Object {
            "color": "#61DAFB",
            "textDecoration": "none",
          }
        }
        target="_blank"
      >
        shutterstock.com 
      </a>
      <a
        href="http://fontawesome.io"
        rel="noopener noreferrer"
        style={
          Object {
            "color": "#61DAFB",
            "textDecoration": "none",
          }
        }
        target="_blank"
      >
        fontawesome.io
      </a>
    </div>
  </div>
  <div
    className="col-xs-12 col-md-4 col-lg-4"
  >
    <div>
      Kontakt:
    </div>
    <div>
      <a
        href="tel:+4917645744166"
        style={
          Object {
            "color": "#61DAFB",
            "textDecoration": "none",
          }
        }
      >
        +49 (0) 176 457 44 1 66
      </a>
    </div>
    <div>
      <a
        href="mailto:info@teufel-it.de"
        style={
          Object {
            "color": "#61DAFB",
            "textDecoration": "none",
          }
        }
      >
        info@teufel-it.de
      </a>
    </div>
    <div>
      Finanzamt Baden-Baden 36216/14616
    </div>
  </div>
</div>
`;
