// Jest Snapshot v1, https://goo.gl/fbAQLP

exports[`FadeCard changes the class when hovered 1`] = `
<li
  onMouseEnter={[Function]}
  onMouseLeave={[Function]}
  style={
    Object {
      "float": "left",
    }
  }
>
  <a
    href="/"
    onClick={[Function]}
    style={
      Object {
        "backgroundColor": "#f00",
        "color": "white",
        "display": "block",
        "padding": "14px 16px",
        "textAlign": "center",
        "textDecoration": "none",
      }
    }
  >
    Entwicklung
  </a>
</li>
`;

exports[`FadeCard changes the class when hovered 2`] = `
<li
  onMouseEnter={[Function]}
  onMouseLeave={[Function]}
  style={
    Object {
      "float": "left",
    }
  }
>
  <a
    href="/"
    onClick={[Function]}
    style={
      Object {
        "backgroundColor": "#f00",
        "color": "white",
        "display": "block",
        "padding": "14px 16px",
        "textAlign": "center",
        "textDecoration": "none",
      }
    }
  >
    Entwicklung
  </a>
</li>
`;

exports[`FadeCard changes the class when hovered 3`] = `
<li
  onMouseEnter={[Function]}
  onMouseLeave={[Function]}
  style={
    Object {
      "float": "left",
    }
  }
>
  <a
    href="/"
    onClick={[Function]}
    style={
      Object {
        "backgroundColor": "#f00",
        "color": "white",
        "display": "block",
        "padding": "14px 16px",
        "textAlign": "center",
        "textDecoration": "none",
      }
    }
  >
    Entwicklung
  </a>
</li>
`;
